# Standard redirects
/google-maps                                  "https://maps.app.goo.gl/9JPTZeCRpkcxgqqp6";
/donate                                       "https://donate.stripe.com/5kA8zC1dB3Xkf4I288";
/suggest-business                             "https://forms.gle/dapLoLNQC8xgDn5M7";
/suggest-therapist                            "https://forms.gle/PfFQudSndk2A4vja8";

# /out pages
/out/1822direkt                               "https://www.awin1.com/awclick.php?gid=365435&mid=10114&awinaffid=559395&linkid=2406435&clickref=";
/out/accountable                              "https://www.accountable.de/en/accountable-for-affiliates/?ref=allaboutberlin2";
/out/airalo                                   "https://airalo.pxf.io/9gY24y";
/out/aldi-talk                                "https://www.alditalk.de/";
/out/aok-calc                                 "/out/feather-aok";
/out/appointment-abmeldung                    "https://service.berlin.de/terminvereinbarung/termin/all/120335/";
/out/appointment-anmeldung                    "https://service.berlin.de/terminvereinbarung/termin/all/120686/";
/out/appointment-convert-driving-licence      "https://service.berlin.de/terminvereinbarung/termin/all/327537/";
/out/appointment-convert-driving-licence-eu   "https://service.berlin.de/terminvereinbarung/termin/all/121598/";
/out/appointment-driving-licence              "https://service.berlin.de/terminvereinbarung/termin/all/121627/";
/out/appointment-international-driving-permit "https://service.berlin.de/terminvereinbarung/termin/all/121591/";
/out/appointment-kfz-zulassungsstelle         "https://service.berlin.de/terminvereinbarung/termin/tag.php?termin=1&anliegen[]=120906&dienstleisterlist=121364,121362&herkunft=http%3A%2F%2Fservice.berlin.de%2Fdienstleistung%2F120906%2F";
/out/auslanderbehorde-appointment             "https://otv.verwalt-berlin.de/ams/TerminBuchen?lang=en";
/out/auslanderbehorde-contact                 "https://www.berlin.de/einwanderung/ueber-uns/kontakt/";
/out/auslanderbehorde-departments             "/out/auslanderbehorde-contact";
/out/auslanderbehorde-organigram              "https://fluechtlingsrat-berlin.de/wp-content/uploads/telverz.pdf";
/out/b-protected                              "/out/feather";
/out/babbel                                   "https://www.awin1.com/awclick.php?gid=355852&mid=14010&awinaffid=559395&linkid=2327176&clickref=";
/out/bahn                                     "https://www.awin1.com/awclick.php?gid=372442&mid=14964&awinaffid=559395&linkid=2938280&clickref=";
/out/barmer                                   "https://signupbarmer.de/?utm_source=allaboutberlin";
/out/barmer-calc                              "/out/barmer";
/out/bkk24-calc                               "https://www.bkk24.de/";
/out/blablacar                                "https://www.awin1.com/awclick.php?gid=357630&mid=13698&awinaffid=559395&linkid=2348287&clickref=";
/out/booka-local                              "https://www.booka-local.com/product-category/germany/berlin/";
/out/brillenplatz                             "https://www.awin1.com/awclick.php?gid=363653&mid=13850&awinaffid=559395&linkid=2389808&clickref=";
/out/bunq                                     "https://www.getbunq.app/cmp/81M3WH/GNS64/";
/out/bunq-business                            "https://www.getbunq.app/FRGB1C/2N721M/?uid=1192";
/out/buymeacoffee                             "https://www.buymeacoffee.com/allaboutberlin";
/out/business-anmeldung                       "https://www.berlin.de/ea/emeldung/emeldung/?op=emeldung-grunddaten-anmeldung";
/out/business-ummeldung                       "https://www.berlin.de/ea/emeldung/emeldung/?op=emeldung-grunddaten-anmeldung";
/out/care-concept                             "https://www.care-concept.de/krankenversicherung/auslandskrankenversicherung/auslandskrankenversicherung_care_expatriate_antrag_eng.php?navilang=eng&vmnr=9004660060&mail=contact@nicolasbouliane.com";
/out/chatterbug                               "https://app.chatterbug.com/r/nicbou-80";
/out/check24-electricity                      "https://a.check24.net/misc/click.php?pid=193190&aid=18&deep=stromanbieter-wechseln&cat=1";
/out/check24-internet                         "https://a.check24.net/misc/click.php?pid=193190&aid=18&deep=dsl-anbieterwechsel&cat=4";
/out/church-tax-calculator                    "/calculators/tax-calculator";
/out/cigna                                    "https://www.cignaglobal.com/";
/out/comdirect                                "https://www.financeads.net/tc.php?t=28713C87024068T";
/out/comdirect-depot                          "https://www.financeads.net/tc.php?t=28713C87024090T";
/out/commerzbank                              "https://www.financeads.net/tc.php?t=28713C3040102734T";
/out/commerzbank-business                     "https://www.financeads.net/tc.php?t=28713C304058060T";
/out/commerzbank-students                     "https://financeads.net/tc.php?t=28713C304058064T";
/out/conny                                    "https://conny.de/en?utm_source=allaboutberlin&utm_medium=affiliate";
/out/conny-abfindung                          "https://conny.de/arbeit/abfindung-erhalten?utm_source=allaboutberlin&utm_medium=affiliate";
/out/conny-kaution                            "https://conny.de/en/rent/deposit-recovery?utm_source=allaboutberlin&utm_medium=affiliate";
/out/conny-mietpreisbremse                    "https://conny.de/en/rent/rent-control?utm_source=allaboutberlin&utm_medium=affiliate";
/out/conny-mietpreisbremse-calculator         "https://conny.de/en-funnel-rent-control/?utm_source=allaboutberlin&utm_medium=affiliate";
/out/consulate-finder                         "https://www.auswaertiges-amt.de/en/about-us/auslandsvertretungen/deutsche-auslandsvertretungen";
/out/coracle                                  "https://www.coracle.de/?ref=allaboutberlin";
/out/dak                                      "https://signupdak.de/?source=allaboutberlin";
/out/dak-calc                                 "https://signupdak.de/?source=allaboutberlin";
/out/degiro                                   "https://www.degiro.de/lp/aktien?tap_a=55082-7ee549&tap_s=3589829-292b3c&utm_source=allaboutberlin&utm_campaign=DEGIRO+Germany&utm_medium=a&utm_content=shares_lp";
/out/deregistrationde-abmeldung               "https://deregistration.de/services/deregistration-online-germany/id/8/";
/out/deregistrationde-gez                     "https://deregistration.de/services/rundfunkbeitrag-gez-germany/id/8/";
/out/deregistrationde-mail                    "https://deregistration.de/services/mail-forwarding-germany/id/8/";
/out/deutsche-bank                            "https://www.financeads.net/tc.php?t=28713C47285478T";
/out/deutsche-bank-business                   "https://www.financeads.net/tc.php?t=28713C47285480T";
/out/deutsche-bank-depot                      "https://www.financeads.net/tc.php?t=28713C47232807T";
/out/deutsche-bank-young                      "https://www.financeads.net/tc.php?t=28713C472101922T";
/out/deutsche-bank-sperrkonto                 "https://www.deutsche-bank.de/pk/konto-und-karte/konten-im-ueberblick/internationale-studenten.html";
/out/deutschland-ticket-bvg                   "https://abo.bvg.de/de/subscriber/order";
/out/deutschland-ticket-s-bahn                "https://www.abo-antrag.de/de/neuantrag";
/out/dkb                                      "https://www.awin1.com/awclick.php?gid=349516&mid=11329&awinaffid=559395&linkid=2273910&clickref=";
/out/drv-pension-payments-info                "https://www.eservice-drv.de/SelfServiceWeb/";
/out/etoro                                    "https://www.financeads.net/tc.php?t=28713C106553660T";
/out/expath                                   "https://www.expath.de/?utm_source=allaboutberlin";
/out/fastbill                                 "https://www.awin1.com/cread.php?s=2813516&v=20766&q=406555&r=559395";
/out/feather                                  "https://app.feather-insurance.com/recommendation-tool/health?utm_source=allaboutberlin";
/out/feather-aok                              "https://signupaok.de/?source=allaboutberlin";
/out/feather-bicycle                          "https://feather-insurance.com/bike-insurance?utm_source=allaboutberlin";
/out/feather-calc                             "https://app.feather-insurance.com/recommendation-tool/health?utm_source=allaboutberlin";
/out/feather-dogs                             "https://feather-insurance.com/dog-liability-insurance?utm_source=allaboutberlin";
/out/feather-disability                       "https://feather-insurance.com/disability-insurance?utm_source=allaboutberlin";
/out/feather-expats                           "https://feather-insurance.com/expat-health-insurance?utm_source=allaboutberlin";
/out/feather-haftpflicht                      "https://feather-insurance.com/personal-liability-insurance?utm_source=allaboutberlin";
/out/feather-hausrat                          "https://feather-insurance.com/household-insurance?utm_source=allaboutberlin";
/out/feather-pethealth                        "https://feather-insurance.com/pet-health-insurance?utm_source=allaboutberlin";
/out/feather-private                          "https://feather-insurance.com/private-health-insurance?utm_source=allaboutberlin";
/out/feather-private-estimate                 "https://feather-insurance.com/private-health-insurance?utm_source=allaboutberlin#price-estimate";
/out/feather-rechtsschutz                     "https://feather-insurance.com/legal-insurance?utm_source=allaboutberlin";
/out/feather-students                         "https://signuptk.de/students?source=allaboutberlin";
/out/finanzamt-finder                         "https://www.bzst.de/DE/Service/Behoerdenwegweiser/Finanzamtsuche/GemFa/finanzamtsuche_node.html";
/out/finom                                    "https://finomgermany.pxf.io/R5DMBX";
/out/fintiba                                  "https://partner.fintiba.com/allaboutberlin";
/out/flixbus                                  "https://www.flixbus.de/";
/out/fundsback                                "https://fundsback.org/id/106/";
/out/fyrst                                    "https://www.fyrst.de/";
/out/german-pension-refund                    "https://pension-refund.com?utm_source=blog&utm_medium=banner&utm_campaign=Prpart145&utm_id=os3bkuy36e";
/out/germany-mantra                           "http://ssr.germanymantra.com/?utm_source=allaboutberlin";
/out/germany-pension-refund                   "https://germanypensionrefund.com/?utm_source=allaboutberlin";
/out/getsafe-berufunfahigkeit                 "https://www.financeads.net/tc.php?t=28713C232375156T";
/out/getsafe-bicycle                          "https://financeads.net/tc.php?t=28713C232358896T";
/out/getsafe-dogs                             "https://financeads.net/tc.php?t=28713C232358956T";
/out/getsafe-haftpflicht                      "https://financeads.net/tc.php?t=28713C232358894T";
/out/getsafe-home                             "https://financeads.net/tc.php?t=28713C232349850T";
/out/getsafe-kfz                              "/out/tarifcheck-kfz";
/out/getsafe-pethealth                        "https://www.financeads.net/tc.php?t=28713C232396454T";
/out/getsafe-rechtsschutz                     "https://financeads.net/tc.php?t=28713C232348738T";
/out/hansemerkur-travel                       "https://www.awin1.com/cread.php?awinmid=11705&awinaffid=559395&ued=https%3A%2F%2Fwww.hmrv.de%2Fen%2Fincoming%2Fvisum-travel-insurance";
/out/hope-apartments                          "https://www.hope-apartments.de/en/rent-your-home/?mtm_campaign=allaboutberlin&mtm_kwd=ref";
/out/horizon65                                "https://vergleich.horizon65.com/altersvorsorge-2022-en?utm_source=allaboutberlin&utm_medium=blog&utm_campaign=partnership";
/out/luko-dogs                                "/out/feather-dogs";
/out/luko-haftpflicht                         "/out/feather-haftpflicht";
/out/luko-hausrat                             "/out/feather-hausrat";
/out/luko-pethealth                           "/out/feather-pethealth";
/out/holvi                                    "https://www.financeads.net/tc.php?t=28713C105194374T";
/out/homelike                                 "https://www.thehomelike.com/search/DE/Berlin?country=DE?utm_source=allaboutberlin&utm_medium=guides&utm_campaign=berlin&om_src=allaboutberlin&om_cmpgn=berlin";
/out/housinganywhere                          "https://housinganywhere.com/s/Berlin--Germany?utm_source=allaboutberlin&utm_medium=affiliate&affiliate_partner_id=67034";
/out/img-expats                               "https://www.imglobal.com/";
/out/income-tax-calculator                    "/calculators/tax-calculator";
/out/ing                                      "https://financeads.net/tc.php?t=28713C12410609T";
/out/ing-students                             "https://www.financeads.net/tc.php?t=28713C12414696T";
/out/kontist                                  "https://www.financeads.net/tc.php?t=28713C254087670T";
/out/kontist-plans                            "https://www.financeads.net/tc.php?t=28713C254087672T";
/out/ksk-application-form                     "https://www.kuenstlersozialkasse.de/fileadmin/Dokumente/Mediencenter_K%C3%BCnstler_Publizisten/Allg._Infos_u._Anmeldeunterlagen/Anmeldeunterlagen-Fragebogen-Ausfuellhinweise-Infoschrift-Aktuelle_Werte_in_der_SV.pdf";
/out/lemonade                                 "https://www.financeads.net/tc.php?t=28713C277454974T";
/out/lexoffice                                "https://www.awin1.com/awclick.php?gid=368497&mid=13787&awinaffid=559395&linkid=2440767&clickref=";
/out/lingoda                                  "https://www.lingoda.com/en/";
/out/lingoking                                "https://www.awin1.com/awclick.php?gid=363869&mid=16534&awinaffid=559395&linkid=2488535&clickref=";
/out/lingoking-birth-certificate              "https://www.awin1.com/awclick.php?gid=363917&mid=16534&awinaffid=559395&linkid=2393346&clickref=";
/out/lingoking-drivers-licence                "https://www.awin1.com/awclick.php?gid=363917&mid=16534&awinaffid=559395&linkid=2393355&clickref=";
/out/lingoking-letters                        "https://www.awin1.com/awclick.php?gid=363400&mid=16534&awinaffid=559395&linkid=2979326&clickref=";
/out/lingoking-resume                         "https://www.awin1.com/awclick.php?gid=363917&mid=16534&awinaffid=559395&linkid=2393373&clickref=";
/out/linguidoor                               "https://linguidoor.com/?ref=54";
/out/mawista-expats                           "https://www.mawista.com/en/health-insurance-for-foreign-nationals-in-germany/stays-up-to-5-years/?utm_source=allaboutberlin";
/out/meineschufa                              "https://www.awin1.com/awclick.php?gid=325475&mid=9350&awinaffid=559395&linkid=2065496&clickref=";
/out/mister-spex                              "https://www.awin1.com/awclick.php?gid=333001&mid=10118&awinaffid=559395&linkid=2126738&clickref=";
/out/monese                                   "https://monese.com/de/en";
/out/muffin                                   "https://mffn.cc/aabgeneral";
/out/muffin-disability                        "/out/muffin";
/out/muffin-haftpflicht                       "https://mffn.cc/aabliability";
/out/muffin-hausrat                           "https://mffn.cc/aabhousehold";
/out/muffin-health                            "https://mffn.cc/aabhealth";
/out/muffin-calc                              "https://mffn.cc/aabhealth";
/out/muffin-rechtsschutz                      "https://mffn.cc/aablegal";
/out/n26                                      "https://n26-eu.c2nwa3.net/c/1377567/670551/10375";
/out/n26-business                             "https://n26-eu.c2nwa3.net/kj1rM0";
/out/n26-cash26                               "https://n26-eu.c2nwa3.net/dov0V3";
/out/n26-metal                                "https://n26-eu.c2nwa3.net/c/1377567/670553/10375";
/out/n26-plans                                "https://n26-eu.c2nwa3.net/c/1377567/670578/10375";
/out/n26-supported-passports                  "https://n26-eu.c2nwa3.net/gb7KA0";
/out/n26-you                                  "https://n26-eu.c2nwa3.net/c/1377567/982134/10375";
/out/noah-mobility                            "https://noah-mobility.de/";
/out/obi                                      "https://www.awin1.com/awclick.php?gid=344753&mid=9326&awinaffid=559395&linkid=2228767&clickref=";
/out/omio                                     "https://omio.sjv.io/c/1377567/568135/7385";
/out/ostrom                                   "https://www.awin1.com/cread.php?s=3108968&v=28121&q=434339&r=559395";
/out/ottonova                                 "https://www.awin1.com/awclick.php?gid=358848&mid=15971&awinaffid=559395&linkid=2351922&clickref=";
/out/ottonova-calc                            "/out/ottonova";
/out/ottonova-expats                          "https://www.awin1.com/awclick.php?gid=358848&mid=15971&awinaffid=559395&linkid=2354612&clickref=";
/out/paypal                                   "http://paypal.me/nicolasbouliane";
/out/private-internet-access                  "https://privateinternetaccess.com/offer/berlin_y0rdmnfal";
/out/qonto                                    "https://financeads.net/tc.php?t=28713C233446368T";
/out/red-tape-translation                     "https://redtapetranslation.com/f4l/5/";
/out/red-tape-translation-interpreter         "https://redtapetranslation.com/translation-services/take-a-translator/f4l/5/";
/out/red-tape-translation-certified           "https://redtapetranslation.com/translation-services/certified-translations/f4l/5/";
/out/red-tape-translation-anmeldung           "https://redtapetranslation.com/product/red-carpet-registration-anmeldung-berlin/f4l/5/";
/out/red-tape-translation-lease               "https://redtapetranslation.com/translation-services/german-rental-lease-summary/f4l/5/";
/out/revolut                                  "https://revolut.ngih.net/c/1377567/1576524/9626";
/out/revolut-business                         "https://revolutbusiness.ngih.net/JrvMV2";
/out/salary-tax-calculator                    "/calculators/tax-calculator";
/out/sevdesk                                  "https://www.awin1.com/awclick.php?gid=361518&mid=15944&awinaffid=559395&linkid=2944081&clickref=";
/out/signup-tk                                "https://feather-insurance.com/public-health-insurance/tk?utm_source=allaboutberlin";
/out/sixt                                     "https://www.awin1.com/awclick.php?gid=393141&mid=14761&awinaffid=559395&linkid=2480872&clickref=";
/out/smart-coop                               "https://smart-eg.de/oinz";
/out/smartments                               "https://www.awin1.com/awclick.php?gid=368887&mid=16928&awinaffid=559395&linkid=2444483&clickref=";
/out/sorted-fragebogen                        "https://en.getsorted.de/become-self-employed?ref=nicolasbouliane1";
/out/sorted-taxes                             "https://en.getsorted.de?ref=nicolasbouliane1";
/out/sparkasse                                "https://www.berliner-sparkasse.de/en/home.html";
/out/sparkasse-broker                         "https://www.financeads.net/tc.php?t=28713C19118048T";
/out/spotahome                                "https://spotahome.sjv.io/c/1377567/979662/12133";
/out/steuergo                                 "https://neso.r.niwepa.com/ts/i5534527/tsc?typ=r&amc=con.blbn.495499.504587.CRT881rNrvi";
/out/stripe                                   "https://donate.stripe.com/5kA8zC1dB3Xkf4I288";
/out/tarifcheck                               "https://a.partner-versicherung.de/click.php?partner_id=126814&ad_id=15";
/out/tarifcheck-berufunfahigkeit              "https://a.partner-versicherung.de/click.php?partner_id=126814&ad_id=15&deep=berufsunfaehigkeitsversicherung";
/out/tarifcheck-calc                          "/out/tarifcheck-health";
/out/tarifcheck-dogs                          "https://a.partner-versicherung.de/click.php?partner_id=126814&ad_id=15&deep=hundeversicherung";
/out/tarifcheck-girokonto                     "https://a.partner-versicherung.de/click.php?partner_id=126814&ad_id=15&deep=girokonto";
/out/tarifcheck-haftpflicht                   "https://a.partner-versicherung.de/click.php?partner_id=126814&ad_id=15&deep=haftpflichtversicherung";
/out/tarifcheck-hausrat                       "https://a.partner-versicherung.de/click.php?partner_id=126814&ad_id=15&deep=hausratversicherung";
/out/tarifcheck-health                        "https://a.partner-versicherung.de/click.php?partner_id=126814&ad_id=15&deep=private-krankenversicherung";
/out/tarifcheck-kfz                           "https://a.partner-versicherung.de/click.php?partner_id=126814&ad_id=15&deep=kfz-versicherung";
/out/tarifcheck-pethealth                     "https://a.partner-versicherung.de/click.php?partner_id=126814&ad_id=15&deep=hundekrankenversicherung";
/out/tarifcheck-rechtsschutz                  "https://a.partner-versicherung.de/click.php?partner_id=126814&ad_id=15&deep=rechtsschutzversicherung";
/out/taxback                                  "https://www.taxback.com/en/germany/?utm_ref=allaboutberlin";
/out/taxfix                                   "https://imp.i313392.net/KjBXWx";
/out/taxid-form                               "https://www.formulare-bfinv.de/ffw/action/invoke.do?id=010250";
/out/tk-calc                                  "/out/signup-tk";
/out/tk-calc-students                         "/out/feather-students";
/out/tomorrow                                 "https://www.financeads.net/tc.php?t=28713C313862738T";
/out/transferwise                             "https://wise.prf.hn/click/camref:1100l7vdA";
/out/transferwise-borderless                  "https://transferwise.prf.hn/click/camref:1100l7vdA/destination:https%3A%2F%2Ftransferwise.com%2Fborderless%2F";
/out/verivox-cellphone                        "https://www.awin1.com/awclick.php?gid=373003&mid=14797&awinaffid=559395&linkid=2482508&clickref=";
/out/verivox-electricity                      "https://www.awin1.com/awclick.php?gid=373003&mid=14797&awinaffid=559395&linkid=2482504&clickref=";
/out/verivox-internet                         "https://www.awin1.com/awclick.php?gid=373003&mid=14797&awinaffid=559395&linkid=2482507&clickref=";
/out/verivox-kfz                              "https://www.awin1.com/awclick.php?gid=373003&mid=14797&awinaffid=559395&linkid=2482506&clickref=";
/out/vivid                                    "/out/n26";
/out/vodafone-callya                          "https://www.vodafone.de/privat/handys-tablets-tarife/prepaid-ohne-vertrag.html";
/out/wise-account                             "https://wise.prf.hn/l/78EGvPw";
/out/wunderflats                              "https://en-master.wunderflats.xyz/#a_aid=allaboutberlin&a_bid=11110007";
/out/wundertax                                "https://www.financeads.net/tc.php?t=28713C185242126T";

# Legacy/unused links
/out/amtio-pension-refund                     "/guides/pension-payments-refund#get-help-from-someone";
/out/axa-haftpflictversicherung               "https://www.financeads.net/tc.php?t=28713C34621593B";
/out/basler-mietkaution                       "https://www.financeads.net/tc.php?t=28713C70922012B";
/out/brille24                                 "https://www.awin1.com/awclick.php?gid=325207&mid=11199&awinaffid=559395&linkid=2062354&clickref=";
/out/brille24-in-store                        "https://www.awin1.com/awclick.php?gid=325207&mid=11199&awinaffid=559395&linkid=2062357&clickref=";
/out/check24                                  "/out/check24-electricity";
/out/coya-dogs                                "/out/getsafe-dogs";
/out/coya-haftpflichtversicherung             "/out/feather-haftpflicht";
/out/coya-hausratversicherung                 "/out/feather-hausrat";
/out/coya-home                                "/out/feather-hausrat";
/out/coya-pethealth                           "/out/getsafe-pethealth";
/out/debitoor                                 "https://debitoor.com/?utm_source=allaboutberlin";
/out/fromatob                                 "https://www.fromatob.com/en-GB";
/out/gehalt-salaries                          "https://www.gehalt.de/";
/out/hkk-calc                                 "https://www.hkk.de/english-information";
/out/joonko                                   "/out/verivox-kfz";
/out/meinemietkaution                         "https://www.meinemietkaution.com/";
/out/patreon                                  "https://www.patreon.com/allaboutberlin";
/out/penta                                    "/out/qonto";
/out/popsure                                  "/out/feather";
/out/popsure-aok                              "/out/feather-aok";
/out/popsure-expats                           "/out/feather-expats";
/out/popsure-haftpflicht                      "/out/feather-haftpflicht";
/out/popsure-students                         "/out/feather-students";
/out/wenigermiete                             "/out/conny";
/out/wenigermiete-mietpreisbremse-calculator  "/out/conny-mietpreisbremse-calculator";