# Standard redirects
/google-maps                                  "https://maps.app.goo.gl/9JPTZeCRpkcxgqqp6";
/donate                                       "https://buymeacoffee.com/allaboutberlin";
/suggest-business                             "https://forms.gle/dapLoLNQC8xgDn5M7";
/suggest-therapist                            "https://forms.gle/PfFQudSndk2A4vja8";

# /out pages
/out/1822direkt                               "https://www.awin1.com/awclick.php?gid=365435&mid=10114&awinaffid=559395&linkid=2406435&clickref=";
/out/accountable                              "https://accountable-eu.cello.so/KDZSyRJn5zW";
/out/airalo                                   "https://airalo.pxf.io/9gY24y";
/out/aldi-talk                                "https://www.alditalk.de/";
/out/anmeldung-online                         "https://serviceportal.gemeinsamonline.de/Onlinedienste/Service/Entry/EWA";
/out/appointment-abmeldung                    "https://service.berlin.de/terminvereinbarung/termin/all/120335/";
/out/appointment-anmeldung                    "https://service.berlin.de/terminvereinbarung/termin/all/120686/";
/out/appointment-convert-driving-licence      "https://service.berlin.de/terminvereinbarung/termin/all/327537/";
/out/appointment-convert-driving-licence-eu   "https://service.berlin.de/terminvereinbarung/termin/all/121598/";
/out/appointment-driving-licence              "https://service.berlin.de/terminvereinbarung/termin/all/121627/";
/out/appointment-international-driving-permit "https://service.berlin.de/terminvereinbarung/termin/all/121591/";
/out/appointment-kfz-zulassungsstelle         "https://service.berlin.de/terminvereinbarung/termin/tag.php?termin=1&anliegen[]=120906&dienstleisterlist=121364,121362&herkunft=http%3A%2F%2Fservice.berlin.de%2Fdienstleistung%2F120906%2F";
/out/april                                    "https://myhealthinternational.april-international.com/en-us/profile/travel-details?intermediary_reference=I670116";
/out/auslanderbehorde-contact                 "https://www.berlin.de/einwanderung/ueber-uns/kontakt/artikel.1394180.php";
/out/auslanderbehorde-departments             "/out/auslanderbehorde-contact";
/out/auslanderbehorde-blue-card               "https://liste-antraege-bc01.bda.service.berlin.de/intelliform/forms/default/bda/LEA/Befristeter_Aufenthaltstitel_zur_Beschaeftigung/index?parameter=324659&lang=en";
/out/auslanderbehorde-permanent-residence     "https://liste-antraege-bc01.bda.service.berlin.de/intelliform/forms/default/bda/LEA/Niederlassungserlaubnis_Fachkraefte_Quick-Check/index";
/out/auslanderbehorde-work-visa               "https://liste-antraege-bc01.bda.service.berlin.de/intelliform/forms/default/bda/LEA/Befristeter_Aufenthaltstitel_zur_Beschaeftigung/index?parameter=329328&lang=en";
/out/auslanderbehorde-job-change              "https://service.berlin.de/dienstleistung/326856/";
/out/babbel                                   "https://babbel.pxf.io/c/1377567/1518255/15639";
/out/bahn                                     "https://www.awin1.com/awclick.php?gid=372442&mid=14964&awinaffid=559395&linkid=2938280&clickref=";
/out/barmer                                   "https://signupbarmer.de/?utm_source=allaboutberlin";
/out/blablacar                                "https://www.awin1.com/awclick.php?gid=357630&mid=13698&awinaffid=559395&linkid=2348287&clickref=";
/out/brillenplatz                             "https://www.awin1.com/awclick.php?gid=363653&mid=13850&awinaffid=559395&linkid=2389808&clickref=";
/out/bunq                                     "https://www.getbunq.app/cmp/81M3WH/GNS64/";
/out/bunq-business                            "https://www.getbunq.app/FRGB1C/2X5FNN/";
/out/bunq-supported-passports                 "https://together.bunq.com/d/3355-what-id-documents-are-accepted-for-my-identity-verification";
/out/business-anmeldung                       "https://gewerbemeldung.berlin.de/emeldung/emeldung/?op=emeldung-start-meldeart";
/out/business-ummeldung                       "https://gewerbemeldung.berlin.de/emeldung/emeldung/?op=emeldung-start-meldeart";
/out/c24                                      "https://a.check24.net/misc/click.php?pid=193190&aid=18&deep=c24bank&cat=14";
/out/care-concept                             "https://www.care-concept.de/krankenversicherung/auslandskrankenversicherung/auslandskrankenversicherung_care_expatriate_antrag_eng.php?navilang=eng&vmnr=9004660060&mail=contact@nicolasbouliane.com";
/out/chatterbug                               "https://app.chatterbug.com/r/nicbou-80";
/out/check24-electricity                      "https://a.check24.net/misc/click.php?pid=193190&aid=18&deep=stromanbieter-wechseln&cat=1";
/out/check24-internet                         "https://a.check24.net/misc/click.php?pid=193190&aid=18&deep=dsl-anbieterwechsel&cat=4";
/out/cigna                                    "https://www.cignaglobal.com/";
/out/comdirect                                "https://www.financeads.net/tc.php?t=28713C87024068T";
/out/comdirect-depot                          "https://www.financeads.net/tc.php?t=28713C87024090T";
/out/commerzbank                              "https://www.financeads.net/tc.php?t=28713C3040102734T";
/out/commerzbank-business                     "https://www.financeads.net/tc.php?t=28713C304058060T";
/out/commerzbank-students                     "https://financeads.net/tc.php?t=28713C304058064T";
/out/conny                                    "https://conny.de/en?utm_source=allaboutberlin&utm_medium=affiliate";
/out/conny-abfindung                          "https://conny.de/arbeit/abfindung-erhalten?utm_source=allaboutberlin&utm_medium=affiliate";
/out/conny-kaution                            "https://conny.de/en/rent/deposit-recovery?utm_source=allaboutberlin&utm_medium=affiliate";
/out/conny-mietpreisbremse                    "https://conny.de/en/rent/rent-control?utm_source=allaboutberlin&utm_medium=affiliate";
/out/conny-mietpreisbremse-calculator         "https://conny.de/en-funnel-rent-control/?utm_source=allaboutberlin&utm_medium=affiliate";
/out/consulate-finder                         "https://www.auswaertiges-amt.de/en/about-us/auslandsvertretungen/deutsche-auslandsvertretungen";
/out/coracle                                  "https://www.coracle.de/?ref=allaboutberlin";
/out/degiro                                   "https://www.degiro.de/kunden-werben-kunden/anlagekonto-eroeffnen?id=34A125CA&utm_source=mgm";
/out/deregistrationde-abmeldung               "https://deregistration.de/services/deregistration-online-germany/id/8/";
/out/deregistrationde-gez                     "https://deregistration.de/services/rundfunkbeitrag-gez-germany/id/8/";
/out/deregistrationde-mail                    "https://deregistration.de/services/mail-forwarding-germany/id/8/";
/out/deutsche-bank                            "https://www.financeads.net/tc.php?t=28713C47285478T";
/out/deutsche-bank-business                   "https://www.financeads.net/tc.php?t=28713C47285480T";
/out/deutsche-bank-depot                      "https://www.financeads.net/tc.php?t=28713C47232807T";
/out/deutsche-bank-young                      "https://www.financeads.net/tc.php?t=28713C472101922T";
/out/deutschland-ticket-bvg                   "https://abo.bvg.de/de/subscriber/order";
/out/deutschland-ticket-s-bahn                "https://int.bahn.de/en/offers/regional/deutschland-ticket";
/out/deutschland-ticket-db                    "https://int.bahn.de/en/offers/regional/deutschland-ticket";
/out/dkb                                      "https://www.awin1.com/awclick.php?gid=349516&mid=11329&awinaffid=559395&linkid=2273910&clickref=";
/out/drv-pension-payments-info                "https://www.eservice-drv.de/SelfServiceWeb/";
/out/dr-walter                                "https://www.dr-walter.com/en/insurances/educare24/";
/out/easyassist-anmeldung                     "https://easyassist.berlin/en/products/registration-berlin?sca_ref=9380252.Ef4tMCDJ6Z";
/out/easyassist-abmeldung                     "https://easyassist.berlin/en/products/deregistration-berlin?sca_ref=9380252.Ef4tMCDJ6Z";
/out/etoro                                    "https://www.financeads.net/tc.php?t=28713C106553660T";
/out/expatrio                                 "https://www.expatrio.com?p=allaboutberlin";
/out/fastbill                                 "https://www.awin1.com/cread.php?s=2813516&v=20766&q=406555&r=559395";
/out/feather                                  "https://feather-insurance.com/?utm_source=allaboutberlin";
/out/feather-aok                              "https://signupaok.de/?source=allaboutberlin";
/out/feather-bicycle                          "https://feather-insurance.com/bike-insurance?utm_source=allaboutberlin";
/out/feather-calc                             "https://app.feather-insurance.com/recommendation-tool/health?utm_source=allaboutberlin";
/out/feather-dogs                             "https://feather-insurance.com/dog-liability-insurance?utm_source=allaboutberlin";
/out/feather-disability                       "https://feather-insurance.com/disability-insurance?utm_source=allaboutberlin";
/out/feather-expats                           "https://feather-insurance.com/expat-health-insurance?utm_source=allaboutberlin";
/out/feather-haftpflicht                      "https://feather-insurance.com/personal-liability-insurance?utm_source=allaboutberlin";
/out/feather-hausrat                          "https://feather-insurance.com/household-insurance?utm_source=allaboutberlin";
/out/feather-pethealth                        "https://feather-insurance.com/pet-health-insurance?utm_source=allaboutberlin";
/out/feather-basis-pension                    "https://feather-insurance.com/en-de/pension-insurance/basis?utm_source=allaboutberlin";
/out/feather-private                          "https://feather-insurance.com/private-health-insurance?utm_source=allaboutberlin";
/out/feather-private-estimate                 "https://feather-insurance.com/private-health-insurance?utm_source=allaboutberlin#calculator";
/out/feather-rechtsschutz                     "https://feather-insurance.com/legal-insurance?utm_source=allaboutberlin";
/out/feather-students                         "https://feather-insurance.com/health-insurance/public/students?utm_source=allaboutberlin";
/out/feather-tk                               "https://feather-insurance.com/en/public-health-insurance/tk?utm_source=allaboutberlin";
/out/feather-travel                           "https://feather-insurance.com/travel-insurance?utm_source=allaboutberlin";
/out/finanzamt-finder                         "https://www.bzst.de/DE/Service/Behoerdenwegweiser/Finanzamtsuche/GemFa/finanzamtsuche_node.html";
/out/finom                                    "https://finomgermany.pxf.io/R5DMBX";
/out/fintiba                                  "https://partner.fintiba.com/allaboutberlin";
/out/flixbus                                  "https://www.flixbus.de/";
/out/fundsback                                "https://fundsback.org/id/106/";
/out/fyrst                                    "https://www.fyrst.de/";
/out/germany-mantra                           "http://ssr.germanymantra.com/?utm_source=allaboutberlin";
/out/germany-pension-refund                   "https://www.germanypensionrefund.com/?utm_source=allaboutberlin";
/out/getsafe-berufunfahigkeit                 "https://www.financeads.net/tc.php?t=28713C2323120000T";
/out/getsafe-bicycle                          "/out/feather-bicycle";
/out/getsafe-dogs                             "https://www.financeads.net/tc.php?t=28713C232358958T";
/out/getsafe-haftpflicht                      "https://financeads.net/tc.php?t=28713C232358894T";
/out/getsafe-home                             "https://financeads.net/tc.php?t=28713C232349850T";
/out/getsafe-pethealth                        "https://www.financeads.net/tc.php?t=28713C2323119808T";
/out/getsafe-rechtsschutz                     "https://financeads.net/tc.php?t=28713C232348738T";
/out/hansemerkur-expats                       "https://www.awin1.com/cread.php?awinmid=11705&awinaffid=559395&ued=https%3A%2F%2Fwww.hmrv.de%2Fen%2Fincoming%2Finsurance-for-foreign-guests";
/out/hansemerkur-students                     "https://www.awin1.com/cread.php?awinmid=11705&awinaffid=559395&ued=https%3A%2F%2Fwww.hmrv.de%2Fen%2Ftravel-health-insurances%2Fpupils-students-and-trainees";
/out/hansemerkur-travel                       "https://www.awin1.com/cread.php?awinmid=11705&awinaffid=559395&ued=https%3A%2F%2Fwww.hmrv.de%2Fen%2Fincoming%2Fvisum-travel-insurance";
/out/hope-apartments                          "https://www.hope-apartments.de/en/rent-your-home/?mtm_campaign=allaboutberlin&mtm_kwd=ref";
/out/horizon65                                "https://vergleich.horizon65.com/altersvorsorge-2022-en?utm_source=allaboutberlin&utm_medium=blog&utm_campaign=partnership";
/out/holvi                                    "https://www.htrnb8trk.com/8LJN3/2CTPL/?uid=7";
/out/housinganywhere                          "https://housinganywhere.com/s/Berlin--Germany?utm_source=allaboutberlin&utm_medium=affiliate&affiliate_partner_id=67034";
/out/ing                                      "https://financeads.net/tc.php?t=28713C12410609T";
/out/ing-students                             "https://www.financeads.net/tc.php?t=28713C12414696T";
/out/kontist                                  "https://kontist.com/";
/out/kontist-plans                            "/out/kontist";
/out/ksk-application-form                     "https://www.kuenstlersozialkasse.de/fileadmin/Dokumente/Mediencenter_K%C3%BCnstler_Publizisten/Allg._Infos_u._Anmeldeunterlagen/Fragebogen_Datenschutzhinweise.pdf";
/out/lexoffice                                "https://www.awin1.com/awclick.php?gid=498511&mid=13787&awinaffid=559395&linkid=3720406&clickref=";
/out/lingoda                                  "https://www.lingoda.com/en/";
/out/lingoking                                "https://www.awin1.com/awclick.php?gid=363869&mid=16534&awinaffid=559395&linkid=2488535&clickref=";
/out/lingoking-birth-certificate              "https://www.awin1.com/awclick.php?gid=363917&mid=16534&awinaffid=559395&linkid=2393346&clickref=";
/out/lingoking-drivers-licence                "https://www.awin1.com/awclick.php?gid=363917&mid=16534&awinaffid=559395&linkid=2393355&clickref=";
/out/lingoking-resume                         "https://www.awin1.com/awclick.php?gid=363917&mid=16534&awinaffid=559395&linkid=2393373&clickref=";
/out/mawista-expats                           "https://www.mawista.com/en/";
/out/meineschufa                              "https://www.awin1.com/awclick.php?gid=325475&mid=9350&awinaffid=559395&linkid=2065496&clickref=";
/out/mister-spex                              "https://www.awin1.com/awclick.php?gid=333001&mid=10118&awinaffid=559395&linkid=2126738&clickref=";
/out/monese                                   "https://monese.com/";
/out/n26                                      "https://n26-eu.c2nwa3.net/c/1377567/670551/10375";
/out/n26-business                             "https://n26-eu.c2nwa3.net/kj1rM0";
/out/n26-cash26                               "https://n26-eu.c2nwa3.net/dov0V3";
/out/n26-metal                                "https://n26-eu.c2nwa3.net/c/1377567/670553/10375";
/out/n26-plans                                "https://n26-eu.c2nwa3.net/c/1377567/670578/10375";
/out/n26-supported-passports                  "https://n26-eu.c2nwa3.net/gb7KA0";
/out/n26-you                                  "https://n26-eu.c2nwa3.net/c/1377567/982134/10375";
/out/noah-mobility                            "https://noah-mobility.de/";
/out/obi                                      "https://www.awin1.com/awclick.php?gid=344753&mid=9326&awinaffid=559395&linkid=2228767&clickref=";
/out/omio                                     "https://omio.sjv.io/c/1377567/568135/7385";
/out/ostrom                                   "https://www.awin1.com/cread.php?s=3108968&v=28121&q=434339&r=559395";
/out/ottonova                                 "https://www.awin1.com/awclick.php?gid=358848&mid=15971&awinaffid=559395&linkid=2351922&clickref=";
/out/ottonova-employees                       "https://www.awin1.com/awclick.php?gid=372765&mid=15971&awinaffid=559395&linkid=3821646&clickref=";
/out/ottonova-freelancers                     "https://www.awin1.com/awclick.php?gid=372765&mid=15971&awinaffid=559395&linkid=3821647&clickref=";
/out/ottonova-students                        "https://www.awin1.com/awclick.php?gid=447480&mid=15971&awinaffid=559395&linkid=3435500&clickref=";
/out/ottonova-expats                          "https://www.awin1.com/awclick.php?gid=358848&mid=15971&awinaffid=559395&linkid=2354612&clickref=";
/out/pension-refund-germany                   "https://pension-refund.com?utm_source=blog&utm_medium=banner&utm_campaign=Prpart145&utm_id=os3bkuy36e";
/out/private-internet-access                  "https://privateinternetaccess.com/offer/berlin_y0rdmnfal";
/out/qonto                                    "https://financeads.net/tc.php?t=28713C233446368T";
/out/red-tape-translation                     "https://redtapetranslation.com/f4l/5/";
/out/red-tape-translation-interpreter         "https://redtapetranslation.com/translation-services/take-a-translator/f4l/5/";
/out/red-tape-translation-standesamt          "https://redtapetranslation.com/product/take-a-court-sworn-interpreter-to-the-standesamt-jugendamt-berlin/f4l/5/";
/out/red-tape-translation-certified           "https://redtapetranslation.com/translation-services/certified-translations/f4l/5/";
/out/red-tape-translation-anmeldung           "https://redtapetranslation.com/product/red-carpet-registration-anmeldung-berlin/f4l/5/";
/out/red-tape-translation-lease               "https://redtapetranslation.com/translation-services/german-rental-lease-summary/f4l/5/";
/out/red-tape-translation-absichterklaerung   "https://redtapetranslation.com/product/professional-en-de-translation-letter-of-intent/f4l/5/";
/out/revolut                                  "https://www.revolut.com/en-DE/";
/out/revolut-business                         "https://revolutbusiness.ngih.net/JrvMV2";
/out/sevdesk                                  "https://www.awin1.com/awclick.php?gid=361518&mid=15944&awinaffid=559395&linkid=2944081&clickref=";
/out/sixt                                     "https://www.awin1.com/awclick.php?gid=393141&mid=14761&awinaffid=559395&linkid=2480872&clickref=";
/out/smart-coop                               "https://smartde.coop/home-english-2/";
/out/smartments                               "https://www.awin1.com/awclick.php?gid=368887&mid=16928&awinaffid=559395&linkid=2444483&clickref=";
/out/sorted-fragebogen                        "https://en.getsorted.de/become-self-employed?ref=nicolasbouliane1";
/out/sorted-taxes                             "https://en.getsorted.de?ref=nicolasbouliane1";
/out/sparkasse                                "https://www.berliner-sparkasse.de/en/home.html";
/out/sparkasse-broker                         "https://www.sbroker.de/";
/out/spotahome                                "https://spotahome.sjv.io/qzARaY";
/out/steuergo                                 "https://neso.r.niwepa.com/ts/i5534527/tsc?typ=r&amc=con.blbn.495499.504587.CRT881rNrvi";
/out/tarifcheck                               "https://a.partner-versicherung.de/click.php?partner_id=126814&ad_id=15";
/out/tarifcheck-berufunfahigkeit              "https://a.partner-versicherung.de/click.php?partner_id=126814&ad_id=15&deep=berufsunfaehigkeitsversicherung";
/out/tarifcheck-dogs                          "https://a.partner-versicherung.de/click.php?partner_id=126814&ad_id=15&deep=hundeversicherung";
/out/tarifcheck-girokonto                     "https://a.partner-versicherung.de/click.php?partner_id=126814&ad_id=15&deep=girokonto";
/out/tarifcheck-haftpflicht                   "https://a.partner-versicherung.de/click.php?partner_id=126814&ad_id=15&deep=haftpflichtversicherung";
/out/tarifcheck-hausrat                       "https://a.partner-versicherung.de/click.php?partner_id=126814&ad_id=15&deep=hausratversicherung";
/out/tarifcheck-kfz                           "https://a.partner-versicherung.de/click.php?partner_id=126814&ad_id=15&deep=kfz-versicherung";
/out/tarifcheck-pethealth                     "https://a.partner-versicherung.de/click.php?partner_id=126814&ad_id=15&deep=hundekrankenversicherung";
/out/tarifcheck-rechtsschutz                  "https://a.partner-versicherung.de/click.php?partner_id=126814&ad_id=15&deep=rechtsschutzversicherung";
/out/taxback                                  "https://www.taxback.com/";
/out/taxfix                                   "https://imp.i313392.net/KjBXWx";
/out/taxgermany                               "https://taxgermany.de?referrer=allaboutberlin&source=website";
/out/tomorrow                                 "https://www.financeads.net/tc.php?t=28713C313862738T";
/out/vab                                      "https://www.berlin.de/einwanderung/service/downloads/artikel.875097.php";
/out/verivox-cellphone                        "https://www.awin1.com/awclick.php?gid=373003&mid=14797&awinaffid=559395&linkid=2482508&clickref=";
/out/verivox-electricity                      "https://www.awin1.com/awclick.php?gid=373003&mid=14797&awinaffid=559395&linkid=2482504&clickref=";
/out/verivox-internet                         "https://www.awin1.com/awclick.php?gid=373003&mid=14797&awinaffid=559395&linkid=2482507&clickref=";
/out/verivox-kfz                              "https://www.awin1.com/awclick.php?gid=373003&mid=14797&awinaffid=559395&linkid=2482506&clickref=";
/out/vivid                                    "https://vivid.money";
/out/vodafone-callya                          "https://www.vodafone.de/privat/handys-tablets-tarife/prepaid-ohne-vertrag.html";
/out/volksbank                                "https://www.berliner-volksbank.de/homepage.html";
/out/wise                                     "https://wise.prf.hn/click/camref:1100l7vdA";
/out/wise-account                             "https://wise.prf.hn/l/78EGvPw";
/out/wise-supported-passports                 "https://wise.com/help/articles/2949801/how-does-wise-verify-my-identity?utm_source=allaboutberlin";
/out/wunderflats                              "https://wunderflats.com/en?utm_source=allaboutberlin";
/out/wundertax                                "https://www.financeads.net/tc.php?t=28713C185242126T";

# Legacy/unused links
/out/amtio-pension-refund                     "/guides/pension-payments-refund#get-help-from-someone";
/out/aok-calc                                 "/out/feather-aok";
/out/assigned-finanzamt-finder                "/out/finanzamt-finder";
/out/auslanderbehorde-appointment             "/guides/immigration-office#how-to-get-an-appointment";
/out/auslanderbehorde-organigram              "/guides/immigration-office#departments";
/out/axa-haftpflictversicherung               "/out/feather-haftpflicht";
/out/b-protected                              "/out/feather";
/out/barmer-calc                              "/out/barmer";
/out/basler-mietkaution                       "https://www.financeads.net/tc.php?t=28713C70922012B";
/out/bkk24-calc                               "https://www.bkk24.de/";
/out/booka-local                              "https://www.booka-local.com/product-category/germany/berlin/";
/out/brille24                                 "https://www.awin1.com/awclick.php?gid=325207&mid=11199&awinaffid=559395&linkid=2062354&clickref=";
/out/brille24-in-store                        "https://www.awin1.com/awclick.php?gid=325207&mid=11199&awinaffid=559395&linkid=2062357&clickref=";
/out/buymeacoffee                             "/donate";
/out/check24                                  "/out/check24-electricity";
/out/church-tax-calculator                    "/calculators/tax-calculator";
/out/coya-dogs                                "/out/getsafe-dogs";
/out/coya-haftpflichtversicherung             "/out/feather-haftpflicht";
/out/coya-hausratversicherung                 "/out/feather-hausrat";
/out/coya-home                                "/out/feather-hausrat";
/out/coya-pethealth                           "/out/getsafe-pethealth";
/out/dak                                      "https://signupdak.de/?source=allaboutberlin";
/out/dak-calc                                 "https://signupdak.de/?source=allaboutberlin";
/out/debitoor                                 "https://debitoor.com/?utm_source=allaboutberlin";
/out/deutsche-bank-sperrkonto                 "https://www.deutsche-bank.de/pk/konto-und-karte/konten-im-ueberblick/internationale-studenten.html";
/out/expath                                   "https://allaboutberlin.com/guides/relocation-agency-in-berlin";
/out/fromatob                                 "https://www.fromatob.com/";
/out/income-tax-calculator                    "/tools/tax-calculator";
/out/luko-dogs                                "/out/feather-dogs";
/out/luko-haftpflicht                         "/out/feather-haftpflicht";
/out/luko-hausrat                             "/out/feather-hausrat";
/out/luko-pethealth                           "/out/feather-pethealth";
/out/gehalt-salaries                          "https://www.gehalt.de/";
/out/getsafe-kfz                              "/out/tarifcheck-kfz";
/out/hkk-calc                                 "https://www.hkk.de/english-information";
/out/homelike                                 "https://spacest.com";
/out/img-expats                               "https://www.imglobal.com/";
/out/joonko                                   "/out/verivox-kfz";
/out/lemonade                                 "/out/feather";
/out/linguidoor                               "https://linguidoor.com/?ref=54";
/out/lingoking-letters                        "/out/lingoking";
/out/muffin                                   "/out/feather";
/out/muffin-calc                              "/out/feather";
/out/muffin-disability                        "/out/feather";
/out/muffin-haftpflicht                       "/out/feather";
/out/muffin-hausrat                           "/out/feather";
/out/muffin-health                            "/out/feather";
/out/muffin-rechtsschutz                      "/out/feather";
/out/ottonova-calc                            "/out/ottonova";
/out/patreon                                  "/donate";
/out/paypal                                   "https://paypal.me/nicolasbouliane";
/out/german-pension-refund                    "/out/pension-refund-germany";
/out/penta                                    "/guides/best-bank-germany";
/out/popsure                                  "/out/feather";
/out/popsure-aok                              "/out/feather-aok";
/out/popsure-expats                           "/out/feather-expats";
/out/popsure-haftpflicht                      "/out/feather-haftpflicht";
/out/popsure-students                         "/out/feather-tk";
/out/salary-tax-calculator                    "/tools/tax-calculator";
/out/signup-tk                                "/out/feather-tk";
/out/stripe                                   "/donate";
/out/tarifcheck-calc                          "/out/tarifcheck-health";
/out/tarifcheck-health                        "https://a.partner-versicherung.de/click.php?partner_id=126814&ad_id=15&deep=private-krankenversicherung";
/out/taxid-form                               "https://www.formulare-bfinv.de/ffw/action/invoke.do?id=010250";
/out/tk-calc                                  "/out/feather-tk";
/out/tk-calc-students                         "/out/feather-tk";
/out/transferwise                             "/out/wise";
/out/transferwise-borderless                  "/out/wise-account";
/out/uniplaces                                "https://www.uniplaces.com/";
/out/wenigermiete                             "/out/conny";
/out/wenigermiete-mietpreisbremse-calculator  "/out/conny-mietpreisbremse-calculator";
